$ git checkout main
Already on 'main'
Your branch is ahead of 'origin/main' by 1 commit.
  (use "git push" to publish your local commits)

$ git log -1 --oneline
063fe3b Fix typo

$ git show --stat -1
commit 063fe3b8e7aad0fbada4559ab0efe68cbd48bbd7
Author: quetzalquant <quetzalquant@dojo.local>
Date:   Tue Mar 3 20:30:49 2026 -0600

    Fix typo

 README.md | 3 +++
 1 file changed, 3 insertions(+)
